============================= test session starts =============================
platform win32 -- Python 3.14.2, pytest-9.0.2, pluggy-1.6.0 -- D:\Sem6\LegalEase\venv\Scripts\python.exe
cachedir: .pytest_cache
rootdir: D:\Sem6\LegalEase
collecting ... collected 8 items

test_pipeline.py::TestPipelineLogic::test_cleaning_logic PASSED          [ 12%]
test_pipeline.py::TestPipelineLogic::test_classification_nda PASSED      [ 25%]
test_pipeline.py::TestPipelineLogic::test_classification_privacy PASSED  [ 37%]
test_pipeline.py::TestPipelineLogic::test_classification_terms PASSED    [ 50%]
test_pipeline.py::TestPipelineLogic::test_classification_contract PASSED [ 62%]
test_pipeline.py::TestPipelineLogic::test_classification_unknown PASSED  [ 75%]
test_pipeline.py::TestPipelineEndToEnd::test_upload_pdf_triggers_full_pipeline FAILED [ 87%]
test_pipeline.py::TestPipelineEndToEnd::test_re_analyze_triggers_full_pipeline FAILED [100%]

================================== FAILURES ===================================
_________ TestPipelineEndToEnd.test_upload_pdf_triggers_full_pipeline _________
test_pipeline.py:137: in test_upload_pdf_triggers_full_pipeline
    assert doc['doc_type'] == 'NDA'
E   AssertionError: assert 'Unknown' == 'NDA'
E     
E     - NDA
E     + Unknown
_________ TestPipelineEndToEnd.test_re_analyze_triggers_full_pipeline _________
test_pipeline.py:179: in test_re_analyze_triggers_full_pipeline
    assert updated_doc['doc_type'] == 'Terms & Conditions'
E   AssertionError: assert 'Unknown' == 'Terms & Conditions'
E     
E     - Terms & Conditions
E     + Unknown
============================== warnings summary ===============================
test_pipeline.py::TestPipelineEndToEnd::test_upload_pdf_triggers_full_pipeline
  D:\Sem6\LegalEase\app\routes.py:153: DeprecationWarning: datetime.datetime.utcnow() is deprecated and scheduled for removal in a future version. Use timezone-aware objects to represent datetimes in UTC: datetime.datetime.now(datetime.UTC).
    'upload_date': datetime.utcnow(),

test_pipeline.py::TestPipelineEndToEnd::test_re_analyze_triggers_full_pipeline
  D:\Sem6\LegalEase\app\routes.py:232: DeprecationWarning: datetime.datetime.utcnow() is deprecated and scheduled for removal in a future version. Use timezone-aware objects to represent datetimes in UTC: datetime.datetime.now(datetime.UTC).
    {'$set': {'status': 're-processing', 're_analyzed_at': datetime.utcnow()}}

-- Docs: https://docs.pytest.org/en/stable/how-to/capture-warnings.html
=========================== short test summary info ===========================
FAILED test_pipeline.py::TestPipelineEndToEnd::test_upload_pdf_triggers_full_pipeline
FAILED test_pipeline.py::TestPipelineEndToEnd::test_re_analyze_triggers_full_pipeline
=================== 2 failed, 6 passed, 2 warnings in 3.70s ===================
